TLSFSOLVE_TRACE {"schema":1,"seq":1,"phase":"resolve_profile","event":"game","profile_requested":"legacy-safety","profile":"legacy-safety","outputs":1,"bad":0,"constraints":0,"justice":0,"fairness":0,"controllable_input":true}
TLSFSOLVE_TRACE {"schema":1,"seq":2,"phase":"manager_create","event":"begin","node_cap":4194304,"cache_cap":262144,"vars":136}
TLSFSOLVE_TRACE {"schema":1,"seq":3,"phase":"manager_create","event":"variable_order","requested":"fanin-dfs","effective":"fanin-dfs","order_hash":"d44063743f91fd0b","order_file_hash":"0000000000000000","var_base":0,"order":[135,33,32,31,30,29,28,26,27,0,1,2,3,34,35,36,37,38,39,40,41,4,42,43,44,45,46,47,48,49,5,6,50,51,52,53,54,55,56,57,7,90,58,91,59,92,60,93,61,94,62,95,63,96,64,97,65,8,98,66,99,67,100,68,101,69,102,70,103,71,104,72,105,73,9,74,75,76,77,78,79,80,81,10,82,83,84,85,86,87,88,89,106,11,107,12,108,13,109,110,111,14,112,15,113,16,114,115,116,117,118,119,120,17,121,122,123,124,125,126,127,128,129,19,18,130,21,20,131,23,22,132,25,24,133,134]}
TLSFSOLVE_TRACE {"schema":1,"seq":4,"phase":"construction","event":"configuration","node_cap":4194304,"cache_cap":262144}
TLSFSOLVE_TRACE {"schema":1,"seq":5,"phase":"construction","event":"construction_plan","requested":"gates","effective":"gates","plan_version":1,"plan_hash":"8a0c452b2b96d9f8afcc0f65812f72266bfd4578f2e4d425a64e38f58fc6d119"}
TLSFSOLVE_TRACE {"schema":1,"seq":6,"phase":"input","event":"game","inputs":26,"latches":110,"ands":801,"outputs":1,"bad":0,"constraints":0}
TLSFSOLVE_TRACE {"schema":1,"seq":7,"phase":"construction","event":"phase_end","sampled_stored_peak":1,"operations":136,"stored_nodes_approx":1,"seconds":0.000067}
TLSFSOLVE_TRACE {"schema":1,"seq":8,"phase":"construction","event":"phase_begin"}
TLSFSOLVE_TRACE {"schema":1,"seq":9,"phase":"construction","event":"root_descriptor","root_index":0,"aig_literal":288}
TLSFSOLVE_TRACE {"schema":1,"seq":10,"phase":"construction","event":"root_descriptor","root_index":1,"aig_literal":315}
TLSFSOLVE_TRACE {"schema":1,"seq":11,"phase":"construction","event":"root_descriptor","root_index":2,"aig_literal":325}
TLSFSOLVE_TRACE {"schema":1,"seq":12,"phase":"construction","event":"root_descriptor","root_index":3,"aig_literal":335}
TLSFSOLVE_TRACE {"schema":1,"seq":13,"phase":"construction","event":"root_descriptor","root_index":4,"aig_literal":345}
TLSFSOLVE_TRACE {"schema":1,"seq":14,"phase":"construction","event":"root_descriptor","root_index":5,"aig_literal":355}
TLSFSOLVE_TRACE {"schema":1,"seq":15,"phase":"construction","event":"root_descriptor","root_index":6,"aig_literal":365}
TLSFSOLVE_TRACE {"schema":1,"seq":16,"phase":"construction","event":"root_descriptor","root_index":7,"aig_literal":375}
TLSFSOLVE_TRACE {"schema":1,"seq":17,"phase":"construction","event":"root_descriptor","root_index":8,"aig_literal":381}
TLSFSOLVE_TRACE {"schema":1,"seq":18,"phase":"construction","event":"root_descriptor","root_index":9,"aig_literal":384}
TLSFSOLVE_TRACE {"schema":1,"seq":19,"phase":"construction","event":"root_descriptor","root_index":10,"aig_literal":388}
TLSFSOLVE_TRACE {"schema":1,"seq":20,"phase":"construction","event":"root_descriptor","root_index":11,"aig_literal":392}
TLSFSOLVE_TRACE {"schema":1,"seq":21,"phase":"construction","event":"root_descriptor","root_index":12,"aig_literal":396}
TLSFSOLVE_TRACE {"schema":1,"seq":22,"phase":"construction","event":"root_descriptor","root_index":13,"aig_literal":400}
TLSFSOLVE_TRACE {"schema":1,"seq":23,"phase":"construction","event":"root_descriptor","root_index":14,"aig_literal":404}
TLSFSOLVE_TRACE {"schema":1,"seq":24,"phase":"construction","event":"root_descriptor","root_index":15,"aig_literal":408}
TLSFSOLVE_TRACE {"schema":1,"seq":25,"phase":"construction","event":"root_descriptor","root_index":16,"aig_literal":413}
TLSFSOLVE_TRACE {"schema":1,"seq":26,"phase":"construction","event":"root_descriptor","root_index":17,"aig_literal":461}
TLSFSOLVE_TRACE {"schema":1,"seq":27,"phase":"construction","event":"root_descriptor","root_index":18,"aig_literal":483}
TLSFSOLVE_TRACE {"schema":1,"seq":28,"phase":"construction","event":"root_descriptor","root_index":19,"aig_literal":505}
TLSFSOLVE_TRACE {"schema":1,"seq":29,"phase":"construction","event":"root_descriptor","root_index":20,"aig_literal":527}
TLSFSOLVE_TRACE {"schema":1,"seq":30,"phase":"construction","event":"root_descriptor","root_index":21,"aig_literal":549}
TLSFSOLVE_TRACE {"schema":1,"seq":31,"phase":"construction","event":"root_descriptor","root_index":22,"aig_literal":571}
TLSFSOLVE_TRACE {"schema":1,"seq":32,"phase":"construction","event":"root_descriptor","root_index":23,"aig_literal":591}
TLSFSOLVE_TRACE {"schema":1,"seq":33,"phase":"construction","event":"root_descriptor","root_index":24,"aig_literal":603}
TLSFSOLVE_TRACE {"schema":1,"seq":34,"phase":"construction","event":"root_descriptor","root_index":25,"aig_literal":609}
TLSFSOLVE_TRACE {"schema":1,"seq":35,"phase":"construction","event":"root_descriptor","root_index":26,"aig_literal":615}
TLSFSOLVE_TRACE {"schema":1,"seq":36,"phase":"construction","event":"root_descriptor","root_index":27,"aig_literal":621}
TLSFSOLVE_TRACE {"schema":1,"seq":37,"phase":"construction","event":"root_descriptor","root_index":28,"aig_literal":627}
TLSFSOLVE_TRACE {"schema":1,"seq":38,"phase":"construction","event":"root_descriptor","root_index":29,"aig_literal":633}
TLSFSOLVE_TRACE {"schema":1,"seq":39,"phase":"construction","event":"root_descriptor","root_index":30,"aig_literal":639}
TLSFSOLVE_TRACE {"schema":1,"seq":40,"phase":"construction","event":"root_descriptor","root_index":31,"aig_literal":645}
TLSFSOLVE_TRACE {"schema":1,"seq":41,"phase":"construction","event":"root_descriptor","root_index":32,"aig_literal":651}
TLSFSOLVE_TRACE {"schema":1,"seq":42,"phase":"construction","event":"root_descriptor","root_index":33,"aig_literal":657}
TLSFSOLVE_TRACE {"schema":1,"seq":43,"phase":"construction","event":"root_descriptor","root_index":34,"aig_literal":663}
TLSFSOLVE_TRACE {"schema":1,"seq":44,"phase":"construction","event":"root_descriptor","root_index":35,"aig_literal":669}
TLSFSOLVE_TRACE {"schema":1,"seq":45,"phase":"construction","event":"root_descriptor","root_index":36,"aig_literal":675}
TLSFSOLVE_TRACE {"schema":1,"seq":46,"phase":"construction","event":"root_descriptor","root_index":37,"aig_literal":681}
TLSFSOLVE_TRACE {"schema":1,"seq":47,"phase":"construction","event":"root_descriptor","root_index":38,"aig_literal":687}
TLSFSOLVE_TRACE {"schema":1,"seq":48,"phase":"construction","event":"root_descriptor","root_index":39,"aig_literal":693}
TLSFSOLVE_TRACE {"schema":1,"seq":49,"phase":"construction","event":"root_descriptor","root_index":40,"aig_literal":699}
TLSFSOLVE_TRACE {"schema":1,"seq":50,"phase":"construction","event":"root_descriptor","root_index":41,"aig_literal":705}
TLSFSOLVE_TRACE {"schema":1,"seq":51,"phase":"construction","event":"root_descriptor","root_index":42,"aig_literal":711}
TLSFSOLVE_TRACE {"schema":1,"seq":52,"phase":"construction","event":"root_descriptor","root_index":43,"aig_literal":717}
TLSFSOLVE_TRACE {"schema":1,"seq":53,"phase":"construction","event":"root_descriptor","root_index":44,"aig_literal":723}
TLSFSOLVE_TRACE {"schema":1,"seq":54,"phase":"construction","event":"root_descriptor","root_index":45,"aig_literal":729}
TLSFSOLVE_TRACE {"schema":1,"seq":55,"phase":"construction","event":"root_descriptor","root_index":46,"aig_literal":735}
TLSFSOLVE_TRACE {"schema":1,"seq":56,"phase":"construction","event":"root_descriptor","root_index":47,"aig_literal":741}
TLSFSOLVE_TRACE {"schema":1,"seq":57,"phase":"construction","event":"root_descriptor","root_index":48,"aig_literal":747}
TLSFSOLVE_TRACE {"schema":1,"seq":58,"phase":"construction","event":"root_descriptor","root_index":49,"aig_literal":750}
TLSFSOLVE_TRACE {"schema":1,"seq":59,"phase":"construction","event":"root_descriptor","root_index":50,"aig_literal":754}
TLSFSOLVE_TRACE {"schema":1,"seq":60,"phase":"construction","event":"root_descriptor","root_index":51,"aig_literal":758}
TLSFSOLVE_TRACE {"schema":1,"seq":61,"phase":"construction","event":"root_descriptor","root_index":52,"aig_literal":762}
TLSFSOLVE_TRACE {"schema":1,"seq":62,"phase":"construction","event":"root_descriptor","root_index":53,"aig_literal":766}
TLSFSOLVE_TRACE {"schema":1,"seq":63,"phase":"construction","event":"root_descriptor","root_index":54,"aig_literal":770}
TLSFSOLVE_TRACE {"schema":1,"seq":64,"phase":"construction","event":"root_descriptor","root_index":55,"aig_literal":774}
TLSFSOLVE_TRACE {"schema":1,"seq":65,"phase":"construction","event":"root_descriptor","root_index":56,"aig_literal":778}
TLSFSOLVE_TRACE {"schema":1,"seq":66,"phase":"construction","event":"root_descriptor","root_index":57,"aig_literal":782}
TLSFSOLVE_TRACE {"schema":1,"seq":67,"phase":"construction","event":"root_descriptor","root_index":58,"aig_literal":786}
TLSFSOLVE_TRACE {"schema":1,"seq":68,"phase":"construction","event":"root_descriptor","root_index":59,"aig_literal":790}
TLSFSOLVE_TRACE {"schema":1,"seq":69,"phase":"construction","event":"root_descriptor","root_index":60,"aig_literal":794}
TLSFSOLVE_TRACE {"schema":1,"seq":70,"phase":"construction","event":"root_descriptor","root_index":61,"aig_literal":798}
TLSFSOLVE_TRACE {"schema":1,"seq":71,"phase":"construction","event":"root_descriptor","root_index":62,"aig_literal":802}
TLSFSOLVE_TRACE {"schema":1,"seq":72,"phase":"construction","event":"root_descriptor","root_index":63,"aig_literal":806}
TLSFSOLVE_TRACE {"schema":1,"seq":73,"phase":"construction","event":"root_descriptor","root_index":64,"aig_literal":810}
TLSFSOLVE_TRACE {"schema":1,"seq":74,"phase":"construction","event":"root_descriptor","root_index":65,"aig_literal":818}
TLSFSOLVE_TRACE {"schema":1,"seq":75,"phase":"construction","event":"root_descriptor","root_index":66,"aig_literal":826}
TLSFSOLVE_TRACE {"schema":1,"seq":76,"phase":"construction","event":"root_descriptor","root_index":67,"aig_literal":834}
TLSFSOLVE_TRACE {"schema":1,"seq":77,"phase":"construction","event":"root_descriptor","root_index":68,"aig_literal":842}
TLSFSOLVE_TRACE {"schema":1,"seq":78,"phase":"construction","event":"root_descriptor","root_index":69,"aig_literal":850}
TLSFSOLVE_TRACE {"schema":1,"seq":79,"phase":"construction","event":"root_descriptor","root_index":70,"aig_literal":858}
TLSFSOLVE_TRACE {"schema":1,"seq":80,"phase":"construction","event":"root_descriptor","root_index":71,"aig_literal":866}
TLSFSOLVE_TRACE {"schema":1,"seq":81,"phase":"construction","event":"root_descriptor","root_index":72,"aig_literal":874}
TLSFSOLVE_TRACE {"schema":1,"seq":82,"phase":"construction","event":"root_descriptor","root_index":73,"aig_literal":882}
TLSFSOLVE_TRACE {"schema":1,"seq":83,"phase":"construction","event":"root_descriptor","root_index":74,"aig_literal":890}
TLSFSOLVE_TRACE {"schema":1,"seq":84,"phase":"construction","event":"root_descriptor","root_index":75,"aig_literal":898}
TLSFSOLVE_TRACE {"schema":1,"seq":85,"phase":"construction","event":"root_descriptor","root_index":76,"aig_literal":906}
TLSFSOLVE_TRACE {"schema":1,"seq":86,"phase":"construction","event":"root_descriptor","root_index":77,"aig_literal":914}
TLSFSOLVE_TRACE {"schema":1,"seq":87,"phase":"construction","event":"root_descriptor","root_index":78,"aig_literal":922}
TLSFSOLVE_TRACE {"schema":1,"seq":88,"phase":"construction","event":"root_descriptor","root_index":79,"aig_literal":930}
TLSFSOLVE_TRACE {"schema":1,"seq":89,"phase":"construction","event":"root_descriptor","root_index":80,"aig_literal":938}
TLSFSOLVE_TRACE {"schema":1,"seq":90,"phase":"construction","event":"root_descriptor","root_index":81,"aig_literal":943}
TLSFSOLVE_TRACE {"schema":1,"seq":91,"phase":"construction","event":"root_descriptor","root_index":82,"aig_literal":947}
TLSFSOLVE_TRACE {"schema":1,"seq":92,"phase":"construction","event":"root_descriptor","root_index":83,"aig_literal":950}
TLSFSOLVE_TRACE {"schema":1,"seq":93,"phase":"construction","event":"root_descriptor","root_index":84,"aig_literal":954}
TLSFSOLVE_TRACE {"schema":1,"seq":94,"phase":"construction","event":"root_descriptor","root_index":85,"aig_literal":958}
TLSFSOLVE_TRACE {"schema":1,"seq":95,"phase":"construction","event":"root_descriptor","root_index":86,"aig_literal":963}
TLSFSOLVE_TRACE {"schema":1,"seq":96,"phase":"construction","event":"root_descriptor","root_index":87,"aig_literal":967}
TLSFSOLVE_TRACE {"schema":1,"seq":97,"phase":"construction","event":"root_descriptor","root_index":88,"aig_literal":970}
TLSFSOLVE_TRACE {"schema":1,"seq":98,"phase":"construction","event":"root_descriptor","root_index":89,"aig_literal":974}
TLSFSOLVE_TRACE {"schema":1,"seq":99,"phase":"construction","event":"root_descriptor","root_index":90,"aig_literal":978}
TLSFSOLVE_TRACE {"schema":1,"seq":100,"phase":"construction","event":"root_descriptor","root_index":91,"aig_literal":984}
TLSFSOLVE_TRACE {"schema":1,"seq":101,"phase":"construction","event":"root_descriptor","root_index":92,"aig_literal":990}
TLSFSOLVE_TRACE {"schema":1,"seq":102,"phase":"construction","event":"root_descriptor","root_index":93,"aig_literal":997}
TLSFSOLVE_TRACE {"schema":1,"seq":103,"phase":"construction","event":"root_descriptor","root_index":94,"aig_literal":1002}
TLSFSOLVE_TRACE {"schema":1,"seq":104,"phase":"construction","event":"root_descriptor","root_index":95,"aig_literal":242}
TLSFSOLVE_TRACE {"schema":1,"seq":105,"phase":"construction","event":"root_descriptor","root_index":96,"aig_literal":1007}
TLSFSOLVE_TRACE {"schema":1,"seq":106,"phase":"construction","event":"root_descriptor","root_index":97,"aig_literal":1013}
TLSFSOLVE_TRACE {"schema":1,"seq":107,"phase":"construction","event":"root_descriptor","root_index":98,"aig_literal":1017}
TLSFSOLVE_TRACE {"schema":1,"seq":108,"phase":"construction","event":"root_descriptor","root_index":99,"aig_literal":1022}
TLSFSOLVE_TRACE {"schema":1,"seq":109,"phase":"construction","event":"root_descriptor","root_index":100,"aig_literal":1026}
TLSFSOLVE_TRACE {"schema":1,"seq":110,"phase":"construction","event":"root_descriptor","root_index":101,"aig_literal":1033}
TLSFSOLVE_TRACE {"schema":1,"seq":111,"phase":"construction","event":"root_descriptor","root_index":102,"aig_literal":1038}
TLSFSOLVE_TRACE {"schema":1,"seq":112,"phase":"construction","event":"root_descriptor","root_index":103,"aig_literal":1045}
TLSFSOLVE_TRACE {"schema":1,"seq":113,"phase":"construction","event":"root_descriptor","root_index":104,"aig_literal":1051}
TLSFSOLVE_TRACE {"schema":1,"seq":114,"phase":"construction","event":"root_descriptor","root_index":105,"aig_literal":1055}
TLSFSOLVE_TRACE {"schema":1,"seq":115,"phase":"construction","event":"root_descriptor","root_index":106,"aig_literal":1063}
TLSFSOLVE_TRACE {"schema":1,"seq":116,"phase":"construction","event":"root_descriptor","root_index":107,"aig_literal":1070}
TLSFSOLVE_TRACE {"schema":1,"seq":117,"phase":"construction","event":"root_descriptor","root_index":108,"aig_literal":1079}
TLSFSOLVE_TRACE {"schema":1,"seq":118,"phase":"construction","event":"root_descriptor","root_index":109,"aig_literal":1082}
TLSFSOLVE_TRACE {"schema":1,"seq":119,"phase":"construction","event":"root_descriptor","root_index":110,"aig_literal":1875}
TLSFSOLVE_TRACE {"schema":1,"seq":120,"phase":"construction","event":"selected_gate_begin","normalized_gate_index":562,"source_index_kind":"normalized-only","aig_literal":1398,"left_literal":1397,"right_literal":1374,"left_support":"mixed","right_support":"mixed","result_support":"mixed","result_uses":1,"left_uses":1,"right_uses":1,"stored_nodes_before":65537,"operation":"and"}
TLSFSOLVE_TRACE {"schema":1,"seq":121,"phase":"construction","event":"selected_gate_end","normalized_gate_index":562,"aig_literal":1398,"stored_nodes_before":65537,"stored_nodes_after":196609,"left_nodes_lower_bound":19,"left_complete":true,"right_nodes_lower_bound":93924,"right_complete":true,"result_nodes_lower_bound":100000,"result_complete":false,"node_visit_limit":100000,"scratch_limit_bytes":16777216,"count_seconds":0.031079}
TLSFSOLVE_TRACE {"schema":1,"seq":122,"phase":"construction","event":"root_node_union","distinct_inner_nodes_lower_bound":5939,"complete":true,"invalid_roots":0,"requested_node_limit":100000,"effective_node_limit":100000,"scratch_limit_bytes":16777216,"scratch_bytes":7396080,"seconds":0.002465}
TLSFSOLVE_TRACE {"schema":1,"seq":123,"phase":"construction","event":"construction_roots","map_references_peak":254,"map_references_released":937,"map_references_remaining":0,"requested_roots":111}
TLSFSOLVE_TRACE {"schema":1,"seq":124,"phase":"construction","event":"phase_end","sampled_stored_peak":1507329,"operations":1940,"stored_nodes_approx":1507329,"seconds":0.303552}
TLSFSOLVE_TRACE {"schema":1,"seq":125,"phase":"root_release","event":"phase_begin"}
TLSFSOLVE_TRACE {"schema":1,"seq":126,"phase":"root_release","event":"phase_end","sampled_stored_peak":1507329,"operations":1940,"stored_nodes_approx":1507329,"seconds":0.000005}
TLSFSOLVE_TRACE {"schema":1,"seq":127,"phase":"fixpoint","event":"phase_begin"}
TLSFSOLVE_TRACE {"schema":1,"seq":128,"phase":"fixpoint","event":"verdict","verdict":"realizable"}
TLSFSOLVE_TRACE {"schema":1,"seq":129,"phase":"fixpoint","event":"phase_end","sampled_stored_peak":1507329,"operations":1946,"stored_nodes_approx":1507329,"seconds":0.000048}
TLSFSOLVE_TRACE {"schema":1,"seq":130,"phase":"strategy_relation","event":"phase_begin"}
TLSFSOLVE_TRACE {"schema":1,"seq":131,"phase":"strategy_relation","event":"phase_end","sampled_stored_peak":1507329,"operations":1948,"stored_nodes_approx":1507329,"seconds":0.000011}
TLSFSOLVE_TRACE {"schema":1,"seq":132,"phase":"skolem","event":"phase_begin"}
TLSFSOLVE_TRACE {"schema":1,"seq":133,"phase":"skolem","event":"phase_end","sampled_stored_peak":1507329,"operations":1958,"stored_nodes_approx":1507329,"seconds":0.000026}
TLSFSOLVE_TRACE {"schema":1,"seq":134,"phase":"conversion","event":"phase_begin"}
TLSFSOLVE_TRACE {"schema":1,"seq":135,"phase":"conversion","event":"phase_end","seconds":0.001727,"operations":2068,"index":109}
TLSFSOLVE_TRACE {"schema":1,"seq":136,"phase":"conversion","event":"summary","operations":2068,"retries":0,"recovered":0,"explicit_gc":0,"sampled_stored_peak":1507329,"built_gates":801,"relevant_gates":801}
